anchoredStepCount
| 1024 |
anchoredStructuralSinkCount
| 1152 |
eventReachability
| ordered-conditions | guarded | after-guarded |
forbiddenReachability
fanInExecution
| condition-free-fan-in |
| large-fan-in |
| output-gate |
| separable-mixed-gate |
| separable-not-failure |
| separable-or-gate |
| separable-result-fan-in |
| unsupported-result-fan-in |
largeFanInStatusCount
| 4 |
matrixCompletion
| matrix-dynamic | cancelled |
| matrix-dynamic | failure |
| matrix-dynamic | success |
| matrix-static | cancelled |
| matrix-static | failure |
| matrix-static | success |
matrixStepFailureConclusion
| matrix-dynamic[experimental=0] | success |
| matrix-dynamic[experimental=1] | failure |
literalTrueStepFailureConclusion
| matrix-static[shard=0] | success |
| matrix-static[shard=1] | success |
| matrix-static[shard=2] | success |
stepConditionProjectionIncludesUndemandedAxis
matrixProjectionCount
| 17 |
matrixProjectionIncludesUndemandedAxis
matrixProjectionFailureConclusions
| failure | 16 |
| success | 1 |
