| .github/workflows/test2.yml:56:15:56:44 | " ${{ g ... 11  }}" | Expression always evaluates to true |
| .github/workflows/test2.yml:59:15:59:44 | " ${{ g ... 11  }}" | Expression always evaluates to true |
| .github/workflows/test2.yml:94:13:94:141 | ${{ con ... e[bot]' | Expression always evaluates to true |
| .github/workflows/test2.yml:100:13:102:63 | > | Expression always evaluates to true |
