| .github/workflows/push-main.yml:7:5:9:32 | Job: push-main | .github/workflows/push-main.yml:2:3:2:6 | push |
| .github/workflows/reusable-cache.yml:6:5:8:32 | Job: reusable-cache | .github/workflows/reusable-dispatch-caller.yml:2:3:2:19 | workflow_dispatch |
| .github/workflows/test.yml:20:5:25:2 | Job: unknown | .github/workflows/test.yml:4:3:4:19 | workflow_dispatch |
| .github/workflows/test.yml:26:5:31:2 | Job: dispatch-only | .github/workflows/test.yml:4:3:4:19 | workflow_dispatch |
| .github/workflows/test.yml:32:5:36:2 | Job: unguarded | .github/workflows/test.yml:4:3:4:19 | workflow_dispatch |
| .github/workflows/test.yml:56:5:62:2 | Job: needs-always | .github/workflows/test.yml:4:3:4:19 | workflow_dispatch |
| .github/workflows/test.yml:70:5:76:2 | Job: needs-success-or-dispatch | .github/workflows/test.yml:4:3:4:19 | workflow_dispatch |
| .github/workflows/test.yml:77:5:83:2 | Job: needs-not-success | .github/workflows/test.yml:4:3:4:19 | workflow_dispatch |
