checkoutPaths
| checkout-absolute | GITHUB_WORKSPACE/absolute-candidate |
| checkout-bare | GITHUB_WORKSPACE/candidate |
| checkout-default-workdir | GITHUB_WORKSPACE/candidate |
| checkout-dot | GITHUB_WORKSPACE/candidate |
| checkout-dynamic | ? |
| checkout-env | GITHUB_WORKSPACE/env-candidate |
| checkout-format | GITHUB_WORKSPACE/format-candidate |
| checkout-literal-braces | GITHUB_WORKSPACE/literal-{0} |
| checkout-parent | ? |
| checkout-run-attempt-format | GITHUB_WORKSPACE/candidate-0 |
| checkout-run-id | GITHUB_WORKSPACE/candidate-0 |
| checkout-trailing | GITHUB_WORKSPACE/candidate |
| checkout-workspace | GITHUB_WORKSPACE/candidate |
poisonablePaths
| absolute-script | GITHUB_WORKSPACE/candidate/proof.sh |
| absolute-working-directory | GITHUB_WORKSPACE/candidate/proof.sh |
| bash-workspace | GITHUB_WORKSPACE/candidate/proof.sh |
| default-working-directory | GITHUB_WORKSPACE/candidate/proof.sh |
| dynamic-workdir-absolute-script | GITHUB_WORKSPACE/candidate/proof.sh |
| dynamic-working-directory | ? |
| env-working-directory | GITHUB_WORKSPACE/candidate/proof.sh |
| expression-workspace | GITHUB_WORKSPACE/candidate/proof.sh |
| literal-braces-path | GITHUB_WORKSPACE/literal-{0}/proof.sh |
| pwsh-backslash | GITHUB_WORKSPACE/candidate/proof.ps1 |
| pwsh-workspace | GITHUB_WORKSPACE/candidate/proof.ps1 |
| run-attempt-format-path | GITHUB_WORKSPACE/candidate-0/proof.sh |
| run-id-path | GITHUB_WORKSPACE/candidate-0/proof.sh |
| sh-workspace | GITHUB_WORKSPACE/candidate/proof.sh |
| working-directory | GITHUB_WORKSPACE/candidate/proof.sh |
pathContainment
| GITHUB_WORKSPACE/a/b/proof.sh | GITHUB_WORKSPACE/a/b |
| GITHUB_WORKSPACE/candidate | GITHUB_WORKSPACE/candidate |
| GITHUB_WORKSPACE/candidate/proof.sh | GITHUB_WORKSPACE/candidate |
pathNonContainment
| GITHUB_WORKSPACE/a/b-other/proof.sh | GITHUB_WORKSPACE/a/b |
| GITHUB_WORKSPACE/candidate-other/proof.sh | GITHUB_WORKSPACE/candidate |
| GITHUB_WORKSPACE/trusted.sh | GITHUB_WORKSPACE/candidate |
