| .github/workflows/reusable-reopened-sha-leaf.yml:10:9:13:6 | Uses Step | The pull request code can change after the authorization check $@ and trigger another privileged run. | .github/workflows/reusable-reopened-sha-caller.yml:9:9:9:73 | contain ...  test') | contain ...  test') |
| .github/workflows/reusable-write-callee.yml:11:9:16:6 | Uses Step | The pull request code can change after the authorization check $@ and trigger another privileged run. | .github/workflows/reusable-write-callee.yml:13:13:13:77 | contain ...  test') | contain ...  test') |
| .github/workflows/sha-reopened.yml:14:9:17:6 | Uses Step | The pull request code can change after the authorization check $@ and trigger another privileged run. | .github/workflows/sha-reopened.yml:9:9:9:73 | contain ...  test') | contain ...  test') |
| .github/workflows/sha-synchronize.yml:14:9:17:6 | Uses Step | The pull request code can change after the authorization check $@ and trigger another privileged run. | .github/workflows/sha-synchronize.yml:9:9:9:73 | contain ...  test') | contain ...  test') |
| .github/workflows/test1.yml:15:7:20:4 | Uses Step | The pull request code can change after the authorization check $@ and trigger another privileged run. | .github/workflows/test1.yml:17:11:17:75 | contain ...  test') | contain ...  test') |
