| .github/workflows/reusable-write-callee.yml:11:9:16:6 | Uses Step | The checked-out code can be modified after the authorization check $@. | .github/workflows/reusable-write-callee.yml:13:13:13:77 | contain ...  test') | contain ...  test') |
| .github/workflows/test1.yml:15:7:20:4 | Uses Step | The checked-out code can be modified after the authorization check $@. | .github/workflows/test1.yml:17:11:17:75 | contain ...  test') | contain ...  test') |
