joinRequirements
| after-reusable | call-reusable |
| always-dependent | root-a |
| cancelled-dependent | root-a |
| combined-dependent | root-a |
| combined-dependent | root-b |
| continue-dynamic-result-dependent | continue-dynamic |
| continue-true-failure-dependent | continue-true |
| continue-true-success-dependent | continue-true |
| correlated-dependent | correlated-gate |
| correlated-dependent | root-a |
| correlated-gate | root-a |
| dependent | root-a |
| dependent | root-b |
| failure-dependent | root-a |
| matrix-continue-dependent | matrix-continue-true |
| matrix-dependent | matrix-root |
| matrix-output-blocked | matrix-root |
| matrix-output-dynamic | matrix-root |
| matrix-output-enabled | matrix-root |
| mixed-dependent | dependent |
| mixed-dependent | root-a |
| named-results | root-a |
| named-results | root-b |
| not-success-dependent | root-a |
| output-always-dependent | root-a |
| output-blocked-dependent | root-a |
| output-boolean-dependent | root-a |
| output-default-dependent | root-a |
| output-dynamic-dependent | root-a |
| output-empty-dependent | root-a |
| output-failure-dependent | root-a |
| output-negated-dependent | root-a |
| output-skipped-dependent | skipped-output-source |
| reusable-terminal | reusable-root |
| success-dependent | root-a |
| terminal | dependent |
| transitive-combined | combined-dependent |
| unknown-named-result | root-a |
joinRequirementCompletions
| after-reusable | call-reusable | cancelled |
| after-reusable | call-reusable | failure |
| after-reusable | call-reusable | success |
| always-dependent | root-a | cancelled |
| always-dependent | root-a | failure |
| always-dependent | root-a | success |
| cancelled-dependent | root-a | cancelled |
| cancelled-dependent | root-a | failure |
| cancelled-dependent | root-a | success |
| combined-dependent | root-a | cancelled |
| combined-dependent | root-a | failure |
| combined-dependent | root-a | success |
| combined-dependent | root-b | cancelled |
| combined-dependent | root-b | failure |
| combined-dependent | root-b | success |
| continue-dynamic-result-dependent | continue-dynamic | cancelled |
| continue-dynamic-result-dependent | continue-dynamic | failure |
| continue-dynamic-result-dependent | continue-dynamic | success |
| continue-true-failure-dependent | continue-true | cancelled |
| continue-true-failure-dependent | continue-true | success |
| continue-true-success-dependent | continue-true | cancelled |
| continue-true-success-dependent | continue-true | success |
| correlated-dependent | correlated-gate | cancelled |
| correlated-dependent | correlated-gate | failure |
| correlated-dependent | correlated-gate | skipped |
| correlated-dependent | correlated-gate | success |
| correlated-dependent | root-a | cancelled |
| correlated-dependent | root-a | failure |
| correlated-dependent | root-a | success |
| correlated-gate | root-a | cancelled |
| correlated-gate | root-a | failure |
| correlated-gate | root-a | success |
| dependent | root-a | cancelled |
| dependent | root-a | failure |
| dependent | root-a | success |
| dependent | root-b | cancelled |
| dependent | root-b | failure |
| dependent | root-b | success |
| failure-dependent | root-a | cancelled |
| failure-dependent | root-a | failure |
| failure-dependent | root-a | success |
| mixed-dependent | dependent | cancelled |
| mixed-dependent | dependent | failure |
| mixed-dependent | dependent | skipped |
| mixed-dependent | dependent | success |
| mixed-dependent | root-a | cancelled |
| mixed-dependent | root-a | failure |
| mixed-dependent | root-a | success |
| named-results | root-a | cancelled |
| named-results | root-a | failure |
| named-results | root-a | success |
| named-results | root-b | cancelled |
| named-results | root-b | failure |
| named-results | root-b | success |
| not-success-dependent | root-a | cancelled |
| not-success-dependent | root-a | failure |
| not-success-dependent | root-a | success |
| output-always-dependent | root-a | cancelled |
| output-always-dependent | root-a | failure |
| output-always-dependent | root-a | success |
| output-blocked-dependent | root-a | cancelled |
| output-blocked-dependent | root-a | failure |
| output-blocked-dependent | root-a | success |
| output-boolean-dependent | root-a | cancelled |
| output-boolean-dependent | root-a | failure |
| output-boolean-dependent | root-a | success |
| output-default-dependent | root-a | cancelled |
| output-default-dependent | root-a | failure |
| output-default-dependent | root-a | success |
| output-dynamic-dependent | root-a | cancelled |
| output-dynamic-dependent | root-a | failure |
| output-dynamic-dependent | root-a | success |
| output-empty-dependent | root-a | cancelled |
| output-empty-dependent | root-a | failure |
| output-empty-dependent | root-a | success |
| output-failure-dependent | root-a | cancelled |
| output-failure-dependent | root-a | failure |
| output-failure-dependent | root-a | success |
| output-negated-dependent | root-a | cancelled |
| output-negated-dependent | root-a | failure |
| output-negated-dependent | root-a | success |
| output-skipped-dependent | skipped-output-source | cancelled |
| output-skipped-dependent | skipped-output-source | failure |
| output-skipped-dependent | skipped-output-source | skipped |
| output-skipped-dependent | skipped-output-source | success |
| reusable-terminal | reusable-root | cancelled |
| reusable-terminal | reusable-root | failure |
| reusable-terminal | reusable-root | success |
| success-dependent | root-a | cancelled |
| success-dependent | root-a | failure |
| success-dependent | root-a | success |
| terminal | dependent | cancelled |
| terminal | dependent | failure |
| terminal | dependent | skipped |
| terminal | dependent | success |
| transitive-combined | combined-dependent | cancelled |
| transitive-combined | combined-dependent | failure |
| transitive-combined | combined-dependent | skipped |
| transitive-combined | combined-dependent | success |
| unknown-named-result | root-a | cancelled |
| unknown-named-result | root-a | failure |
| unknown-named-result | root-a | success |
joinDecisionStatuses
| after-reusable | cancelled |
| after-reusable | failure |
| after-reusable | success |
| always-dependent | cancelled |
| always-dependent | failure |
| always-dependent | success |
| cancelled-dependent | cancelled |
| cancelled-dependent | failure |
| cancelled-dependent | success |
| combined-dependent | cancelled |
| combined-dependent | failure |
| combined-dependent | failure+cancelled |
| combined-dependent | success |
| continue-dynamic-result-dependent | cancelled |
| continue-dynamic-result-dependent | failure |
| continue-dynamic-result-dependent | success |
| continue-true-failure-dependent | cancelled |
| continue-true-failure-dependent | failure |
| continue-true-failure-dependent | success |
| continue-true-success-dependent | cancelled |
| continue-true-success-dependent | failure |
| continue-true-success-dependent | success |
| correlated-dependent | cancelled |
| correlated-dependent | cancelled+skipped |
| correlated-dependent | failure |
| correlated-dependent | failure+cancelled |
| correlated-dependent | failure+skipped |
| correlated-dependent | skipped |
| correlated-dependent | success |
| correlated-gate | cancelled |
| correlated-gate | failure |
| correlated-gate | success |
| dependent | cancelled |
| dependent | failure |
| dependent | failure+cancelled |
| dependent | success |
| failure-dependent | cancelled |
| failure-dependent | failure |
| failure-dependent | success |
| matrix-continue-dependent | cancelled |
| matrix-continue-dependent | failure |
| matrix-continue-dependent | success |
| matrix-dependent | cancelled |
| matrix-dependent | failure |
| matrix-dependent | success |
| matrix-output-blocked | cancelled |
| matrix-output-blocked | failure |
| matrix-output-blocked | success |
| matrix-output-dynamic | cancelled |
| matrix-output-dynamic | failure |
| matrix-output-dynamic | success |
| matrix-output-enabled | cancelled |
| matrix-output-enabled | failure |
| matrix-output-enabled | success |
| mixed-dependent | cancelled |
| mixed-dependent | cancelled+skipped |
| mixed-dependent | failure |
| mixed-dependent | failure+cancelled |
| mixed-dependent | failure+cancelled+skipped |
| mixed-dependent | failure+skipped |
| mixed-dependent | skipped |
| mixed-dependent | success |
| named-results | cancelled |
| named-results | failure |
| named-results | failure+cancelled |
| named-results | success |
| not-success-dependent | cancelled |
| not-success-dependent | failure |
| not-success-dependent | success |
| output-always-dependent | cancelled |
| output-always-dependent | failure |
| output-always-dependent | success |
| output-blocked-dependent | cancelled |
| output-blocked-dependent | failure |
| output-blocked-dependent | success |
| output-boolean-dependent | cancelled |
| output-boolean-dependent | failure |
| output-boolean-dependent | success |
| output-default-dependent | cancelled |
| output-default-dependent | failure |
| output-default-dependent | success |
| output-dynamic-dependent | cancelled |
| output-dynamic-dependent | failure |
| output-dynamic-dependent | success |
| output-empty-dependent | cancelled |
| output-empty-dependent | failure |
| output-empty-dependent | success |
| output-failure-dependent | cancelled |
| output-failure-dependent | failure |
| output-failure-dependent | success |
| output-negated-dependent | cancelled |
| output-negated-dependent | failure |
| output-negated-dependent | success |
| output-skipped-dependent | cancelled |
| output-skipped-dependent | failure |
| output-skipped-dependent | skipped |
| output-skipped-dependent | success |
| reusable-terminal | cancelled |
| reusable-terminal | failure |
| reusable-terminal | success |
| success-dependent | cancelled |
| success-dependent | failure |
| success-dependent | success |
| terminal | cancelled |
| terminal | cancelled+skipped |
| terminal | failure |
| terminal | failure+cancelled |
| terminal | failure+cancelled+skipped |
| terminal | failure+skipped |
| terminal | skipped |
| terminal | success |
| transitive-combined | cancelled |
| transitive-combined | cancelled+skipped |
| transitive-combined | failure |
| transitive-combined | failure+cancelled |
| transitive-combined | failure+cancelled+skipped |
| transitive-combined | failure+skipped |
| transitive-combined | skipped |
| transitive-combined | success |
| unknown-named-result | cancelled |
| unknown-named-result | failure |
| unknown-named-result | success |
decisionEdges
| after-reusable | complete after-reusable as skipped |
| after-reusable | execute after-reusable |
| always-dependent | complete always-dependent as skipped |
| always-dependent | execute always-dependent |
| call-reusable | enter jobs in "on": |
| cancelled-dependent | complete cancelled-dependent as skipped |
| cancelled-dependent | execute cancelled-dependent |
| combined-dependent | complete combined-dependent as skipped |
| combined-dependent | execute combined-dependent |
| continue-dynamic | execute continue-dynamic |
| continue-dynamic-result-dependent | complete continue-dynamic-result-dependent as skipped |
| continue-dynamic-result-dependent | execute continue-dynamic-result-dependent |
| continue-false | execute continue-false |
| continue-true | execute continue-true |
| continue-true-failure-dependent | complete continue-true-failure-dependent as skipped |
| continue-true-failure-dependent | execute continue-true-failure-dependent |
| continue-true-success-dependent | complete continue-true-success-dependent as skipped |
| continue-true-success-dependent | execute continue-true-success-dependent |
| correlated-dependent | complete correlated-dependent as skipped |
| correlated-dependent | execute correlated-dependent |
| correlated-gate | complete correlated-gate as skipped |
| correlated-gate | execute correlated-gate |
| dependent | complete dependent as skipped |
| dependent | execute dependent |
| failure-dependent | complete failure-dependent as skipped |
| failure-dependent | execute failure-dependent |
| matrix-continue-dependent | complete matrix-continue-dependent as skipped |
| matrix-continue-dependent | execute matrix-continue-dependent |
| matrix-continue-true | execute matrix-continue-true[version=0] |
| matrix-continue-true | execute matrix-continue-true[version=1] |
| matrix-dependent | complete matrix-dependent as skipped |
| matrix-dependent | execute matrix-dependent |
| matrix-dynamic | execute matrix-dynamic[*] |
| matrix-output-blocked | complete matrix-output-blocked as skipped |
| matrix-output-blocked | execute matrix-output-blocked |
| matrix-output-dynamic | complete matrix-output-dynamic as skipped |
| matrix-output-dynamic | execute matrix-output-dynamic |
| matrix-output-enabled | complete matrix-output-enabled as skipped |
| matrix-output-enabled | execute matrix-output-enabled |
| matrix-over-cap | execute matrix-over-cap[*] |
| matrix-root | execute matrix-root[os=0,version=0] |
| matrix-root | execute matrix-root[os=0,version=1] |
| matrix-root | execute matrix-root[os=1,version=0] |
| matrix-root | execute matrix-root[os=1,version=1] |
| mixed-dependent | complete mixed-dependent as skipped |
| mixed-dependent | execute mixed-dependent |
| named-results | complete named-results as skipped |
| named-results | execute named-results |
| not-success-dependent | complete not-success-dependent as skipped |
| not-success-dependent | execute not-success-dependent |
| output-always-dependent | complete output-always-dependent as skipped |
| output-always-dependent | execute output-always-dependent |
| output-blocked-dependent | complete output-blocked-dependent as skipped |
| output-blocked-dependent | execute output-blocked-dependent |
| output-boolean-dependent | complete output-boolean-dependent as skipped |
| output-boolean-dependent | execute output-boolean-dependent |
| output-default-dependent | complete output-default-dependent as skipped |
| output-default-dependent | execute output-default-dependent |
| output-dynamic-dependent | complete output-dynamic-dependent as skipped |
| output-dynamic-dependent | execute output-dynamic-dependent |
| output-empty-dependent | complete output-empty-dependent as skipped |
| output-empty-dependent | execute output-empty-dependent |
| output-failure-dependent | complete output-failure-dependent as skipped |
| output-failure-dependent | execute output-failure-dependent |
| output-negated-dependent | complete output-negated-dependent as skipped |
| output-negated-dependent | execute output-negated-dependent |
| output-skipped-dependent | complete output-skipped-dependent as skipped |
| output-skipped-dependent | execute output-skipped-dependent |
| reusable-root | execute reusable-root |
| reusable-terminal | complete reusable-terminal as skipped |
| reusable-terminal | execute reusable-terminal |
| root-a | execute root-a |
| root-b | execute root-b |
| skipped-output-source | complete skipped-output-source as skipped |
| skipped-output-source | execute skipped-output-source |
| success-dependent | complete success-dependent as skipped |
| success-dependent | execute success-dependent |
| terminal | complete terminal as skipped |
| terminal | execute terminal |
| transitive-combined | complete transitive-combined as skipped |
| transitive-combined | execute transitive-combined |
| unknown-named-result | complete unknown-named-result as skipped |
| unknown-named-result | execute unknown-named-result |
pushDecisionEdges
| after-reusable | complete after-reusable as skipped |
| after-reusable | execute after-reusable |
| always-dependent | execute always-dependent |
| call-reusable | enter jobs in "on": |
| cancelled-dependent | complete cancelled-dependent as skipped |
| cancelled-dependent | execute cancelled-dependent |
| combined-dependent | complete combined-dependent as skipped |
| combined-dependent | execute combined-dependent |
| continue-dynamic | execute continue-dynamic |
| continue-dynamic-result-dependent | complete continue-dynamic-result-dependent as skipped |
| continue-dynamic-result-dependent | execute continue-dynamic-result-dependent |
| continue-false | execute continue-false |
| continue-true | execute continue-true |
| continue-true-failure-dependent | complete continue-true-failure-dependent as skipped |
| continue-true-success-dependent | complete continue-true-success-dependent as skipped |
| continue-true-success-dependent | execute continue-true-success-dependent |
| correlated-dependent | complete correlated-dependent as skipped |
| correlated-dependent | execute correlated-dependent |
| correlated-gate | complete correlated-gate as skipped |
| correlated-gate | execute correlated-gate |
| dependent | complete dependent as skipped |
| dependent | execute dependent |
| failure-dependent | complete failure-dependent as skipped |
| failure-dependent | execute failure-dependent |
| matrix-continue-dependent | complete matrix-continue-dependent as skipped |
| matrix-continue-dependent | execute matrix-continue-dependent |
| matrix-dependent | complete matrix-dependent as skipped |
| matrix-dependent | execute matrix-dependent |
| matrix-output-blocked | complete matrix-output-blocked as skipped |
| matrix-output-dynamic | complete matrix-output-dynamic as skipped |
| matrix-output-dynamic | execute matrix-output-dynamic |
| matrix-output-enabled | complete matrix-output-enabled as skipped |
| matrix-output-enabled | execute matrix-output-enabled |
| mixed-dependent | execute mixed-dependent |
| named-results | complete named-results as skipped |
| named-results | execute named-results |
| not-success-dependent | complete not-success-dependent as skipped |
| not-success-dependent | execute not-success-dependent |
| output-always-dependent | complete output-always-dependent as skipped |
| output-always-dependent | execute output-always-dependent |
| output-blocked-dependent | complete output-blocked-dependent as skipped |
| output-boolean-dependent | complete output-boolean-dependent as skipped |
| output-boolean-dependent | execute output-boolean-dependent |
| output-default-dependent | complete output-default-dependent as skipped |
| output-default-dependent | execute output-default-dependent |
| output-dynamic-dependent | complete output-dynamic-dependent as skipped |
| output-dynamic-dependent | execute output-dynamic-dependent |
| output-empty-dependent | complete output-empty-dependent as skipped |
| output-failure-dependent | complete output-failure-dependent as skipped |
| output-failure-dependent | execute output-failure-dependent |
| output-negated-dependent | complete output-negated-dependent as skipped |
| output-negated-dependent | execute output-negated-dependent |
| output-skipped-dependent | complete output-skipped-dependent as skipped |
| root-a | execute root-a |
| root-b | execute root-b |
| skipped-output-source | complete skipped-output-source as skipped |
| success-dependent | complete success-dependent as skipped |
| success-dependent | execute success-dependent |
| terminal | complete terminal as skipped |
| terminal | execute terminal |
| transitive-combined | complete transitive-combined as skipped |
| unknown-named-result | complete unknown-named-result as skipped |
| unknown-named-result | execute unknown-named-result |
knownStatusDecisionEdges
| always-dependent | cancelled | execute always-dependent |
| always-dependent | failure | execute always-dependent |
| always-dependent | success | execute always-dependent |
| cancelled-dependent | cancelled | execute cancelled-dependent |
| cancelled-dependent | failure | complete cancelled-dependent as skipped |
| cancelled-dependent | success | complete cancelled-dependent as skipped |
| combined-dependent | cancelled | complete combined-dependent as skipped |
| combined-dependent | failure | complete combined-dependent as skipped |
| combined-dependent | failure+cancelled | execute combined-dependent |
| combined-dependent | success | complete combined-dependent as skipped |
| continue-dynamic-result-dependent | cancelled | complete continue-dynamic-result-dependent as skipped |
| continue-dynamic-result-dependent | failure | execute continue-dynamic-result-dependent |
| continue-dynamic-result-dependent | success | complete continue-dynamic-result-dependent as skipped |
| continue-true-failure-dependent | cancelled | complete continue-true-failure-dependent as skipped |
| continue-true-failure-dependent | success | complete continue-true-failure-dependent as skipped |
| continue-true-success-dependent | cancelled | complete continue-true-success-dependent as skipped |
| continue-true-success-dependent | success | execute continue-true-success-dependent |
| dependent | cancelled | complete dependent as skipped |
| dependent | failure | complete dependent as skipped |
| dependent | failure+cancelled | complete dependent as skipped |
| dependent | success | execute dependent |
| failure-dependent | cancelled | complete failure-dependent as skipped |
| failure-dependent | failure | execute failure-dependent |
| failure-dependent | success | complete failure-dependent as skipped |
| matrix-output-blocked | cancelled | complete matrix-output-blocked as skipped |
| matrix-output-blocked | failure | complete matrix-output-blocked as skipped |
| matrix-output-blocked | success | complete matrix-output-blocked as skipped |
| matrix-output-dynamic | cancelled | complete matrix-output-dynamic as skipped |
| matrix-output-dynamic | failure | complete matrix-output-dynamic as skipped |
| matrix-output-dynamic | success | complete matrix-output-dynamic as skipped |
| matrix-output-dynamic | success | execute matrix-output-dynamic |
| matrix-output-enabled | cancelled | complete matrix-output-enabled as skipped |
| matrix-output-enabled | failure | complete matrix-output-enabled as skipped |
| matrix-output-enabled | success | execute matrix-output-enabled |
| named-results | cancelled | complete named-results as skipped |
| named-results | failure | complete named-results as skipped |
| named-results | failure+cancelled | complete named-results as skipped |
| named-results | success | execute named-results |
| not-success-dependent | cancelled | execute not-success-dependent |
| not-success-dependent | failure | execute not-success-dependent |
| not-success-dependent | success | complete not-success-dependent as skipped |
| output-always-dependent | cancelled | complete output-always-dependent as skipped |
| output-always-dependent | cancelled | execute output-always-dependent |
| output-always-dependent | failure | complete output-always-dependent as skipped |
| output-always-dependent | failure | execute output-always-dependent |
| output-always-dependent | success | execute output-always-dependent |
| output-blocked-dependent | cancelled | complete output-blocked-dependent as skipped |
| output-blocked-dependent | failure | complete output-blocked-dependent as skipped |
| output-blocked-dependent | success | complete output-blocked-dependent as skipped |
| output-boolean-dependent | cancelled | complete output-boolean-dependent as skipped |
| output-boolean-dependent | cancelled | execute output-boolean-dependent |
| output-boolean-dependent | failure | complete output-boolean-dependent as skipped |
| output-boolean-dependent | failure | execute output-boolean-dependent |
| output-boolean-dependent | success | execute output-boolean-dependent |
| output-default-dependent | cancelled | complete output-default-dependent as skipped |
| output-default-dependent | failure | complete output-default-dependent as skipped |
| output-default-dependent | success | execute output-default-dependent |
| output-dynamic-dependent | cancelled | complete output-dynamic-dependent as skipped |
| output-dynamic-dependent | cancelled | execute output-dynamic-dependent |
| output-dynamic-dependent | failure | complete output-dynamic-dependent as skipped |
| output-dynamic-dependent | failure | execute output-dynamic-dependent |
| output-dynamic-dependent | success | complete output-dynamic-dependent as skipped |
| output-dynamic-dependent | success | execute output-dynamic-dependent |
| output-empty-dependent | cancelled | complete output-empty-dependent as skipped |
| output-empty-dependent | failure | complete output-empty-dependent as skipped |
| output-empty-dependent | success | complete output-empty-dependent as skipped |
| output-failure-dependent | cancelled | complete output-failure-dependent as skipped |
| output-failure-dependent | failure | complete output-failure-dependent as skipped |
| output-failure-dependent | failure | execute output-failure-dependent |
| output-failure-dependent | success | complete output-failure-dependent as skipped |
| output-negated-dependent | cancelled | complete output-negated-dependent as skipped |
| output-negated-dependent | cancelled | execute output-negated-dependent |
| output-negated-dependent | failure | complete output-negated-dependent as skipped |
| output-negated-dependent | failure | execute output-negated-dependent |
| output-negated-dependent | success | complete output-negated-dependent as skipped |
| output-skipped-dependent | skipped | complete output-skipped-dependent as skipped |
| success-dependent | cancelled | complete success-dependent as skipped |
| success-dependent | failure | complete success-dependent as skipped |
| success-dependent | success | execute success-dependent |
| terminal | cancelled | complete terminal as skipped |
| terminal | failure | complete terminal as skipped |
| terminal | skipped | complete terminal as skipped |
| terminal | success | execute terminal |
| transitive-combined | cancelled | complete transitive-combined as skipped |
| transitive-combined | failure | complete transitive-combined as skipped |
| transitive-combined | skipped | complete transitive-combined as skipped |
| transitive-combined | success | complete transitive-combined as skipped |
| unknown-named-result | cancelled | complete unknown-named-result as skipped |
| unknown-named-result | cancelled | execute unknown-named-result |
| unknown-named-result | failure | complete unknown-named-result as skipped |
| unknown-named-result | failure | execute unknown-named-result |
| unknown-named-result | success | complete unknown-named-result as skipped |
| unknown-named-result | success | execute unknown-named-result |
executionCompletions
| after-reusable | cancelled |
| after-reusable | failure |
| after-reusable | success |
| always-dependent | cancelled |
| always-dependent | failure |
| always-dependent | success |
| cancelled-dependent | cancelled |
| cancelled-dependent | failure |
| cancelled-dependent | success |
| combined-dependent | cancelled |
| combined-dependent | failure |
| combined-dependent | success |
| continue-dynamic | cancelled |
| continue-dynamic | failure |
| continue-dynamic | success |
| continue-dynamic-result-dependent | cancelled |
| continue-dynamic-result-dependent | failure |
| continue-dynamic-result-dependent | success |
| continue-false | cancelled |
| continue-false | failure |
| continue-false | success |
| continue-true | cancelled |
| continue-true | success |
| continue-true-failure-dependent | cancelled |
| continue-true-failure-dependent | failure |
| continue-true-failure-dependent | success |
| continue-true-success-dependent | cancelled |
| continue-true-success-dependent | failure |
| continue-true-success-dependent | success |
| correlated-dependent | cancelled |
| correlated-dependent | failure |
| correlated-dependent | success |
| correlated-gate | cancelled |
| correlated-gate | failure |
| correlated-gate | success |
| dependent | cancelled |
| dependent | failure |
| dependent | success |
| failure-dependent | cancelled |
| failure-dependent | failure |
| failure-dependent | success |
| matrix-continue-dependent | cancelled |
| matrix-continue-dependent | failure |
| matrix-continue-dependent | success |
| matrix-dependent | cancelled |
| matrix-dependent | failure |
| matrix-dependent | success |
| matrix-output-blocked | cancelled |
| matrix-output-blocked | failure |
| matrix-output-blocked | success |
| matrix-output-dynamic | cancelled |
| matrix-output-dynamic | failure |
| matrix-output-dynamic | success |
| matrix-output-enabled | cancelled |
| matrix-output-enabled | failure |
| matrix-output-enabled | success |
| mixed-dependent | cancelled |
| mixed-dependent | failure |
| mixed-dependent | success |
| named-results | cancelled |
| named-results | failure |
| named-results | success |
| not-success-dependent | cancelled |
| not-success-dependent | failure |
| not-success-dependent | success |
| output-always-dependent | cancelled |
| output-always-dependent | failure |
| output-always-dependent | success |
| output-blocked-dependent | cancelled |
| output-blocked-dependent | failure |
| output-blocked-dependent | success |
| output-boolean-dependent | cancelled |
| output-boolean-dependent | failure |
| output-boolean-dependent | success |
| output-default-dependent | cancelled |
| output-default-dependent | failure |
| output-default-dependent | success |
| output-dynamic-dependent | cancelled |
| output-dynamic-dependent | failure |
| output-dynamic-dependent | success |
| output-empty-dependent | cancelled |
| output-empty-dependent | failure |
| output-empty-dependent | success |
| output-failure-dependent | cancelled |
| output-failure-dependent | failure |
| output-failure-dependent | success |
| output-negated-dependent | cancelled |
| output-negated-dependent | failure |
| output-negated-dependent | success |
| output-skipped-dependent | cancelled |
| output-skipped-dependent | failure |
| output-skipped-dependent | success |
| reusable-root | cancelled |
| reusable-root | failure |
| reusable-root | success |
| reusable-terminal | cancelled |
| reusable-terminal | failure |
| reusable-terminal | success |
| root-a | cancelled |
| root-a | failure |
| root-a | success |
| root-b | cancelled |
| root-b | failure |
| root-b | success |
| skipped-output-source | cancelled |
| skipped-output-source | failure |
| skipped-output-source | success |
| success-dependent | cancelled |
| success-dependent | failure |
| success-dependent | success |
| terminal | cancelled |
| terminal | failure |
| terminal | success |
| transitive-combined | cancelled |
| transitive-combined | failure |
| transitive-combined | success |
| unknown-named-result | cancelled |
| unknown-named-result | failure |
| unknown-named-result | success |
executionCfgNodes
| after-reusable | .github/workflows/test.yml:143:5:148:2 | Job: after-reusable |
| always-dependent | .github/workflows/test.yml:177:5:183:2 | Job: always-dependent |
| cancelled-dependent | .github/workflows/test.yml:198:5:204:2 | Job: cancelled-dependent |
| combined-dependent | .github/workflows/test.yml:212:5:218:2 | Job: combined-dependent |
| continue-dynamic | .github/workflows/test.yml:111:5:118:2 | Job: continue-dynamic |
| continue-dynamic-result-dependent | .github/workflows/test.yml:133:5:139:2 | Job: continue-dynamic-result-dependent |
| continue-false | .github/workflows/test.yml:103:5:110:2 | Job: continue-false |
| continue-true | .github/workflows/test.yml:95:5:102:2 | Job: continue-true |
| continue-true-failure-dependent | .github/workflows/test.yml:126:5:132:2 | Job: continue-true-failure-dependent |
| continue-true-success-dependent | .github/workflows/test.yml:119:5:125:2 | Job: continue-true-success-dependent |
| correlated-dependent | .github/workflows/test.yml:155:5:161:2 | Job: correlated-dependent |
| correlated-gate | .github/workflows/test.yml:149:5:154:2 | Job: correlated-gate |
| dependent | .github/workflows/test.yml:170:5:176:2 | Job: dependent |
| failure-dependent | .github/workflows/test.yml:191:5:197:2 | Job: failure-dependent |
| matrix-continue-dependent | .github/workflows/test.yml:89:5:94:2 | Job: matrix-continue-dependent |
| matrix-dependent | .github/workflows/test.yml:37:5:42:2 | Job: matrix-dependent |
| matrix-output-blocked | .github/workflows/test.yml:50:5:56:2 | Job: matrix-output-blocked |
| matrix-output-dynamic | .github/workflows/test.yml:57:5:63:2 | Job: matrix-output-dynamic |
| matrix-output-enabled | .github/workflows/test.yml:43:5:49:2 | Job: matrix-output-enabled |
| mixed-dependent | .github/workflows/test.yml:219:5:225:2 | Job: mixed-dependent |
| named-results | .github/workflows/test.yml:233:5:243:2 | Job: named-results |
| not-success-dependent | .github/workflows/test.yml:205:5:211:2 | Job: not-success-dependent |
| output-always-dependent | .github/workflows/test.yml:258:5:268:2 | Job: output-always-dependent |
| output-blocked-dependent | .github/workflows/test.yml:269:5:275:2 | Job: output-blocked-dependent |
| output-boolean-dependent | .github/workflows/test.yml:309:5:315:2 | Job: output-boolean-dependent |
| output-default-dependent | .github/workflows/test.yml:251:5:257:2 | Job: output-default-dependent |
| output-dynamic-dependent | .github/workflows/test.yml:290:5:299:2 | Job: output-dynamic-dependent |
| output-empty-dependent | .github/workflows/test.yml:300:5:308:2 | Job: output-empty-dependent |
| output-failure-dependent | .github/workflows/test.yml:283:5:289:2 | Job: output-failure-dependent |
| output-negated-dependent | .github/workflows/test.yml:276:5:282:2 | Job: output-negated-dependent |
| output-skipped-dependent | .github/workflows/test.yml:316:5:322:2 | Job: output-skipped-dependent |
| reusable-root | .github/workflows/reusable.yml:6:5:10:2 | Job: reusable-root |
| reusable-terminal | .github/workflows/reusable.yml:11:5:14:36 | Job: reusable-terminal |
| root-a | .github/workflows/test.yml:6:5:18:2 | Job: root-a |
| root-b | .github/workflows/test.yml:19:5:23:2 | Job: root-b |
| skipped-output-source | .github/workflows/test.yml:162:5:169:2 | Job: skipped-output-source |
| success-dependent | .github/workflows/test.yml:184:5:190:2 | Job: success-dependent |
| terminal | .github/workflows/test.yml:323:5:326:26 | Job: terminal |
| transitive-combined | .github/workflows/test.yml:226:5:232:2 | Job: transitive-combined |
| unknown-named-result | .github/workflows/test.yml:244:5:250:2 | Job: unknown-named-result |
matrixExecutions
| matrix-continue-true | matrix-continue-true[version=0] |
| matrix-continue-true | matrix-continue-true[version=1] |
| matrix-dynamic | matrix-dynamic[*] |
| matrix-over-cap | matrix-over-cap[*] |
| matrix-root | matrix-root[os=0,version=0] |
| matrix-root | matrix-root[os=0,version=1] |
| matrix-root | matrix-root[os=1,version=0] |
| matrix-root | matrix-root[os=1,version=1] |
matrixFanInRequirements
| matrix-continue-dependent | matrix-continue-true | cancelled |
| matrix-continue-dependent | matrix-continue-true | success |
| matrix-dependent | matrix-root | cancelled |
| matrix-dependent | matrix-root | failure |
| matrix-dependent | matrix-root | success |
| matrix-output-blocked | matrix-root | cancelled |
| matrix-output-blocked | matrix-root | failure |
| matrix-output-blocked | matrix-root | success |
| matrix-output-dynamic | matrix-root | cancelled |
| matrix-output-dynamic | matrix-root | failure |
| matrix-output-dynamic | matrix-root | success |
| matrix-output-enabled | matrix-root | cancelled |
| matrix-output-enabled | matrix-root | failure |
| matrix-output-enabled | matrix-root | success |
continueOnErrorTransformations
| job | continue-dynamic | failure | failure |
| job | continue-dynamic | failure | success |
| job | continue-false | failure | failure |
| job | continue-true | failure | success |
| step | step-continue-dynamic | failure | failure |
| step | step-continue-dynamic | failure | success |
| step | step-continue-false | failure | failure |
| step | step-continue-true | failure | success |
continueOnErrorCompletionStatuses
| continue-dynamic | cancelled |
| continue-dynamic | failure |
| continue-dynamic | success |
| continue-false | cancelled |
| continue-false | failure |
| continue-false | success |
| continue-true | cancelled |
| continue-true | success |
reusableWorkflowBoundaryEdges
| call-reusable | callee-entry | enter jobs in "on": |
| call-reusable | caller-completion | complete call-reusable as cancelled |
| call-reusable | caller-completion | complete call-reusable as failure |
| call-reusable | caller-completion | complete call-reusable as success |
workflowBoundaries
| entry | call-reusable |
| entry | continue-dynamic |
| entry | continue-false |
| entry | continue-true |
| entry | matrix-continue-true |
| entry | matrix-dynamic |
| entry | matrix-over-cap |
| entry | matrix-root |
| entry | reusable-root |
| entry | root-a |
| entry | root-b |
| entry | skipped-output-source |
| exit | after-reusable |
| exit | always-dependent |
| exit | cancelled-dependent |
| exit | continue-dynamic-result-dependent |
| exit | continue-false |
| exit | continue-true-failure-dependent |
| exit | continue-true-success-dependent |
| exit | correlated-dependent |
| exit | failure-dependent |
| exit | matrix-continue-dependent |
| exit | matrix-dependent |
| exit | matrix-output-blocked |
| exit | matrix-output-dynamic |
| exit | matrix-output-enabled |
| exit | mixed-dependent |
| exit | named-results |
| exit | not-success-dependent |
| exit | output-always-dependent |
| exit | output-blocked-dependent |
| exit | output-boolean-dependent |
| exit | output-default-dependent |
| exit | output-dynamic-dependent |
| exit | output-empty-dependent |
| exit | output-failure-dependent |
| exit | output-negated-dependent |
| exit | output-skipped-dependent |
| exit | reusable-terminal |
| exit | success-dependent |
| exit | terminal |
| exit | transitive-combined |
| exit | unknown-named-result |
synchronizationCycles
impossibleStatusSummaries
requiredSuccessfulJobs
| after-reusable | call-reusable |
| continue-true-success-dependent | continue-true |
| correlated-dependent | root-a |
| correlated-gate | root-a |
| dependent | root-a |
| dependent | root-b |
| matrix-continue-dependent | matrix-continue-true |
| matrix-dependent | matrix-root |
| matrix-output-dynamic | matrix-root |
| matrix-output-enabled | matrix-root |
| named-results | root-a |
| named-results | root-b |
| output-default-dependent | root-a |
| success-dependent | root-a |
| terminal | dependent |
| terminal | root-a |
| terminal | root-b |
exactCorrelatedRequiredSuccessfulJobs
| root-a |
