| .github/workflows/test.yml:9:9:12:6 | Uses Step | .github/workflows/test.yml:12:9:13:6 | Run Step | .github/workflows/test.yml:1:5:1:23 | pull_request_target |
| .github/workflows/test.yml:9:9:12:6 | Uses Step | .github/workflows/test.yml:13:9:14:6 | Run Step | .github/workflows/test.yml:1:5:1:23 | pull_request_target |
| .github/workflows/test.yml:9:9:12:6 | Uses Step | .github/workflows/test.yml:14:9:15:6 | Run Step | .github/workflows/test.yml:1:5:1:23 | pull_request_target |
| .github/workflows/test.yml:9:9:12:6 | Uses Step | .github/workflows/test.yml:15:9:16:6 | Run Step | .github/workflows/test.yml:1:5:1:23 | pull_request_target |
| .github/workflows/test.yml:9:9:12:6 | Uses Step | .github/workflows/test.yml:16:9:17:6 | Run Step | .github/workflows/test.yml:1:5:1:23 | pull_request_target |
