| .github/workflows/test.yml:12:9:12:66 | "github ... lled()" | 12 | Identifier | AccessExpression | github | 0 | 6 |
| .github/workflows/test.yml:12:9:12:66 | "github ... lled()" | 12 | AccessExpression | EqualityExpression | github.event_name | 0 | 17 |
| .github/workflows/test.yml:12:9:12:66 | "github ... lled()" | 12 | EqualityExpression | AndExpression | github.event_name == 'workflow_dispatch' | 0 | 40 |
| .github/workflows/test.yml:12:9:12:66 | "github ... lled()" | 12 | AndExpression | root | github.event_name == 'workflow_dispatch' && !cancelled() | 0 | 56 |
| .github/workflows/test.yml:12:9:12:66 | "github ... lled()" | 12 | root | <none> | github.event_name == 'workflow_dispatch' && !cancelled() | 0 | 56 |
| .github/workflows/test.yml:12:9:12:66 | "github ... lled()" | 12 | PropertyAccess | AccessExpression | .event_name | 6 | 17 |
| .github/workflows/test.yml:12:9:12:66 | "github ... lled()" | 12 | Identifier | PropertyAccess | event_name | 7 | 17 |
| .github/workflows/test.yml:12:9:12:66 | "github ... lled()" | 12 | StringLiteral | EqualityExpression | 'workflow_dispatch' | 21 | 40 |
| .github/workflows/test.yml:12:9:12:66 | "github ... lled()" | 12 | NotExpression | AndExpression | !cancelled() | 44 | 56 |
| .github/workflows/test.yml:12:9:12:66 | "github ... lled()" | 12 | Identifier | FunctionCall | cancelled | 45 | 54 |
| .github/workflows/test.yml:12:9:12:66 | "github ... lled()" | 12 | FunctionCall | NotExpression | cancelled() | 45 | 56 |
| .github/workflows/test.yml:15:13:15:95 | "contai ... = true" | 15 | Identifier | FunctionCall | contains | 0 | 8 |
| .github/workflows/test.yml:15:13:15:95 | "contai ... = true" | 15 | FunctionCall | OrExpression | contains(github.event.pull_request.labels.*.name, 'safe') | 0 | 57 |
| .github/workflows/test.yml:15:13:15:95 | "contai ... = true" | 15 | OrExpression | root | contains(github.event.pull_request.labels.*.name, 'safe') \|\| inputs.force == true | 0 | 81 |
| .github/workflows/test.yml:15:13:15:95 | "contai ... = true" | 15 | root | <none> | contains(github.event.pull_request.labels.*.name, 'safe') \|\| inputs.force == true | 0 | 81 |
| .github/workflows/test.yml:15:13:15:95 | "contai ... = true" | 15 | Identifier | AccessExpression | github | 9 | 15 |
| .github/workflows/test.yml:15:13:15:95 | "contai ... = true" | 15 | AccessExpression | AccessExpression | github.event | 9 | 21 |
| .github/workflows/test.yml:15:13:15:95 | "contai ... = true" | 15 | AccessExpression | AccessExpression | github.event.pull_request | 9 | 34 |
| .github/workflows/test.yml:15:13:15:95 | "contai ... = true" | 15 | AccessExpression | AccessExpression | github.event.pull_request.labels | 9 | 41 |
| .github/workflows/test.yml:15:13:15:95 | "contai ... = true" | 15 | AccessExpression | AccessExpression | github.event.pull_request.labels.* | 9 | 43 |
| .github/workflows/test.yml:15:13:15:95 | "contai ... = true" | 15 | AccessExpression | FunctionCall | github.event.pull_request.labels.*.name | 9 | 48 |
| .github/workflows/test.yml:15:13:15:95 | "contai ... = true" | 15 | PropertyAccess | AccessExpression | .event | 15 | 21 |
| .github/workflows/test.yml:15:13:15:95 | "contai ... = true" | 15 | Identifier | PropertyAccess | event | 16 | 21 |
| .github/workflows/test.yml:15:13:15:95 | "contai ... = true" | 15 | PropertyAccess | AccessExpression | .pull_request | 21 | 34 |
| .github/workflows/test.yml:15:13:15:95 | "contai ... = true" | 15 | Identifier | PropertyAccess | pull_request | 22 | 34 |
| .github/workflows/test.yml:15:13:15:95 | "contai ... = true" | 15 | PropertyAccess | AccessExpression | .labels | 34 | 41 |
| .github/workflows/test.yml:15:13:15:95 | "contai ... = true" | 15 | Identifier | PropertyAccess | labels | 35 | 41 |
| .github/workflows/test.yml:15:13:15:95 | "contai ... = true" | 15 | WildcardAccess | AccessExpression | .* | 41 | 43 |
| .github/workflows/test.yml:15:13:15:95 | "contai ... = true" | 15 | PropertyAccess | AccessExpression | .name | 43 | 48 |
| .github/workflows/test.yml:15:13:15:95 | "contai ... = true" | 15 | Identifier | PropertyAccess | name | 44 | 48 |
| .github/workflows/test.yml:15:13:15:95 | "contai ... = true" | 15 | StringLiteral | FunctionCall | 'safe' | 50 | 56 |
| .github/workflows/test.yml:15:13:15:95 | "contai ... = true" | 15 | Identifier | AccessExpression | inputs | 61 | 67 |
| .github/workflows/test.yml:15:13:15:95 | "contai ... = true" | 15 | AccessExpression | EqualityExpression | inputs.force | 61 | 73 |
| .github/workflows/test.yml:15:13:15:95 | "contai ... = true" | 15 | EqualityExpression | OrExpression | inputs.force == true | 61 | 81 |
| .github/workflows/test.yml:15:13:15:95 | "contai ... = true" | 15 | PropertyAccess | AccessExpression | .force | 67 | 73 |
| .github/workflows/test.yml:15:13:15:95 | "contai ... = true" | 15 | Identifier | PropertyAccess | force | 68 | 73 |
| .github/workflows/test.yml:15:13:15:95 | "contai ... = true" | 15 | BooleanLiteral | EqualityExpression | true | 77 | 81 |
| .github/workflows/test.yml:17:13:17:56 | "fromJS ... = null" | 17 | Identifier | FunctionCall | fromJSON | 0 | 8 |
| .github/workflows/test.yml:17:13:17:56 | "fromJS ... = null" | 17 | FunctionCall | AccessExpression | fromJSON(inputs.matrix) | 0 | 23 |
| .github/workflows/test.yml:17:13:17:56 | "fromJS ... = null" | 17 | AccessExpression | AccessExpression | fromJSON(inputs.matrix)[0] | 0 | 26 |
| .github/workflows/test.yml:17:13:17:56 | "fromJS ... = null" | 17 | AccessExpression | EqualityExpression | fromJSON(inputs.matrix)[0].enabled | 0 | 34 |
| .github/workflows/test.yml:17:13:17:56 | "fromJS ... = null" | 17 | EqualityExpression | root | fromJSON(inputs.matrix)[0].enabled != null | 0 | 42 |
| .github/workflows/test.yml:17:13:17:56 | "fromJS ... = null" | 17 | root | <none> | fromJSON(inputs.matrix)[0].enabled != null | 0 | 42 |
| .github/workflows/test.yml:17:13:17:56 | "fromJS ... = null" | 17 | Identifier | AccessExpression | inputs | 9 | 15 |
| .github/workflows/test.yml:17:13:17:56 | "fromJS ... = null" | 17 | AccessExpression | FunctionCall | inputs.matrix | 9 | 22 |
| .github/workflows/test.yml:17:13:17:56 | "fromJS ... = null" | 17 | PropertyAccess | AccessExpression | .matrix | 15 | 22 |
| .github/workflows/test.yml:17:13:17:56 | "fromJS ... = null" | 17 | Identifier | PropertyAccess | matrix | 16 | 22 |
| .github/workflows/test.yml:17:13:17:56 | "fromJS ... = null" | 17 | IndexAccess | AccessExpression | [0] | 23 | 26 |
| .github/workflows/test.yml:17:13:17:56 | "fromJS ... = null" | 17 | NumberLiteral | IndexAccess | 0 | 24 | 25 |
| .github/workflows/test.yml:17:13:17:56 | "fromJS ... = null" | 17 | PropertyAccess | AccessExpression | .enabled | 26 | 34 |
| .github/workflows/test.yml:17:13:17:56 | "fromJS ... = null" | 17 | Identifier | PropertyAccess | enabled | 27 | 34 |
| .github/workflows/test.yml:17:13:17:56 | "fromJS ... = null" | 17 | NullLiteral | EqualityExpression | null | 38 | 42 |
