| danger | .github/workflows/wrangler.yml:17:9:19:2 | Run Step |
| deno-task | .github/workflows/wrangler.yml:22:9:24:2 | Run Step |
| earthly | .github/workflows/wrangler.yml:32:9:34:2 | Run Step |
| flake8 | .github/workflows/wrangler.yml:42:9:44:2 | Run Step |
| gauge | .github/workflows/wrangler.yml:47:9:49:2 | Run Step |
| gemini | .github/workflows/wrangler.yml:57:9:59:2 | Run Step |
| goreleaser-action-build | .github/workflows/wrangler.yml:107:9:111:2 | Uses Step |
| goreleaser-action-release | .github/workflows/wrangler.yml:114:9:118:2 | Uses Step |
| just | .github/workflows/wrangler.yml:62:9:64:2 | Run Step |
| mage | .github/workflows/wrangler.yml:67:9:69:2 | Run Step |
| npx | .github/workflows/wrangler.yml:72:9:74:2 | Run Step |
| npx-with-option | .github/workflows/wrangler.yml:77:9:79:2 | Run Step |
| npx-wrangler | .github/workflows/wrangler.yml:159:9:161:2 | Run Step |
| pnpm-install-ignore-scripts | .github/workflows/wrangler.yml:12:9:14:2 | Run Step |
| pnpm-run | .github/workflows/wrangler.yml:7:9:9:2 | Run Step |
| uv-local-package | .github/workflows/wrangler.yml:97:9:99:2 | Run Step |
| uv-requirement | .github/workflows/wrangler.yml:87:9:89:2 | Run Step |
| uv-requirement-long | .github/workflows/wrangler.yml:92:9:94:2 | Run Step |
| wrangler-action-default | .github/workflows/wrangler.yml:179:9:181:2 | Uses Step |
| wrangler-action-deploy | .github/workflows/wrangler.yml:184:9:188:2 | Uses Step |
| wrangler-action-dev | .github/workflows/wrangler.yml:198:9:202:2 | Uses Step |
| wrangler-action-publish | .github/workflows/wrangler.yml:212:9:216:2 | Uses Step |
| wrangler-action-types | .github/workflows/wrangler.yml:205:9:209:2 | Uses Step |
| wrangler-action-versions-upload | .github/workflows/wrangler.yml:191:9:195:2 | Uses Step |
| wrangler-deploy | .github/workflows/wrangler.yml:134:9:136:2 | Run Step |
| wrangler-dev | .github/workflows/wrangler.yml:144:9:146:2 | Run Step |
| wrangler-publish | .github/workflows/wrangler.yml:154:9:156:2 | Run Step |
| wrangler-types | .github/workflows/wrangler.yml:149:9:151:2 | Run Step |
| wrangler-versions-upload | .github/workflows/wrangler.yml:139:9:141:2 | Run Step |
