effectivePermissions
| bounded-read.yml | target | actions | none |
| bounded-read.yml | target | contents | read |
| bounded-read.yml | target | copilot-requests | none |
| bounded-read.yml | target | drives | none |
| bounded-read.yml | target | id-token | none |
| bounded-read.yml | target | models | none |
| bounded-read.yml | target | security-events | none |
| bounded-read.yml | target | vulnerability-alerts | none |
| bounded-write.yml | target | actions | none |
| bounded-write.yml | target | contents | write |
| bounded-write.yml | target | copilot-requests | none |
| bounded-write.yml | target | drives | none |
| bounded-write.yml | target | id-token | none |
| bounded-write.yml | target | models | none |
| bounded-write.yml | target | security-events | none |
| bounded-write.yml | target | vulnerability-alerts | none |
| caller.yml | deep-nested | actions | none |
| caller.yml | deep-nested | contents | read |
| caller.yml | deep-nested | copilot-requests | none |
| caller.yml | deep-nested | drives | none |
| caller.yml | deep-nested | id-token | none |
| caller.yml | deep-nested | models | none |
| caller.yml | deep-nested | security-events | none |
| caller.yml | deep-nested | vulnerability-alerts | none |
| caller.yml | elevate | actions | none |
| caller.yml | elevate | contents | read |
| caller.yml | elevate | copilot-requests | none |
| caller.yml | elevate | drives | none |
| caller.yml | elevate | id-token | none |
| caller.yml | elevate | models | none |
| caller.yml | elevate | security-events | none |
| caller.yml | elevate | vulnerability-alerts | none |
| caller.yml | inherit | actions | read |
| caller.yml | inherit | contents | write |
| caller.yml | inherit | copilot-requests | none |
| caller.yml | inherit | drives | none |
| caller.yml | inherit | id-token | none |
| caller.yml | inherit | models | none |
| caller.yml | inherit | security-events | write |
| caller.yml | inherit | vulnerability-alerts | none |
| caller.yml | mixed-trigger | actions | none |
| caller.yml | mixed-trigger | contents | read |
| caller.yml | mixed-trigger | copilot-requests | none |
| caller.yml | mixed-trigger | drives | none |
| caller.yml | mixed-trigger | id-token | none |
| caller.yml | mixed-trigger | models | none |
| caller.yml | mixed-trigger | security-events | none |
| caller.yml | mixed-trigger | vulnerability-alerts | none |
| caller.yml | nested | actions | none |
| caller.yml | nested | contents | read |
| caller.yml | nested | copilot-requests | none |
| caller.yml | nested | drives | none |
| caller.yml | nested | id-token | none |
| caller.yml | nested | models | none |
| caller.yml | nested | security-events | none |
| caller.yml | nested | vulnerability-alerts | none |
| caller.yml | tighten | actions | read |
| caller.yml | tighten | contents | write |
| caller.yml | tighten | copilot-requests | none |
| caller.yml | tighten | drives | none |
| caller.yml | tighten | id-token | none |
| caller.yml | tighten | models | none |
| caller.yml | tighten | security-events | write |
| caller.yml | tighten | vulnerability-alerts | none |
| caller.yml | workflow-level | actions | read |
| caller.yml | workflow-level | contents | write |
| caller.yml | workflow-level | copilot-requests | none |
| caller.yml | workflow-level | drives | none |
| caller.yml | workflow-level | id-token | none |
| caller.yml | workflow-level | models | none |
| caller.yml | workflow-level | security-events | write |
| caller.yml | workflow-level | vulnerability-alerts | none |
| caller.yml | write-only | actions | none |
| caller.yml | write-only | contents | none |
| caller.yml | write-only | copilot-requests | write |
| caller.yml | write-only | drives | none |
| caller.yml | write-only | id-token | write |
| caller.yml | write-only | models | none |
| caller.yml | write-only | security-events | none |
| caller.yml | write-only | vulnerability-alerts | none |
| deep-leaf.yml | target | actions | none |
| deep-leaf.yml | target | contents | read |
| deep-leaf.yml | target | copilot-requests | none |
| deep-leaf.yml | target | drives | none |
| deep-leaf.yml | target | id-token | none |
| deep-leaf.yml | target | models | none |
| deep-leaf.yml | target | security-events | none |
| deep-leaf.yml | target | vulnerability-alerts | none |
| deep-middle-1.yml | call-middle-2 | actions | none |
| deep-middle-1.yml | call-middle-2 | contents | read |
| deep-middle-1.yml | call-middle-2 | copilot-requests | none |
| deep-middle-1.yml | call-middle-2 | drives | none |
| deep-middle-1.yml | call-middle-2 | id-token | none |
| deep-middle-1.yml | call-middle-2 | models | none |
| deep-middle-1.yml | call-middle-2 | security-events | none |
| deep-middle-1.yml | call-middle-2 | vulnerability-alerts | none |
| deep-middle-2.yml | call-leaf | actions | none |
| deep-middle-2.yml | call-leaf | contents | read |
| deep-middle-2.yml | call-leaf | copilot-requests | none |
| deep-middle-2.yml | call-leaf | drives | none |
| deep-middle-2.yml | call-leaf | id-token | none |
| deep-middle-2.yml | call-leaf | models | none |
| deep-middle-2.yml | call-leaf | security-events | none |
| deep-middle-2.yml | call-leaf | vulnerability-alerts | none |
| elevate.yml | target | actions | none |
| elevate.yml | target | contents | read |
| elevate.yml | target | copilot-requests | none |
| elevate.yml | target | drives | none |
| elevate.yml | target | id-token | none |
| elevate.yml | target | models | none |
| elevate.yml | target | security-events | none |
| elevate.yml | target | vulnerability-alerts | none |
| events.yml | write | actions | none |
| events.yml | write | contents | write |
| events.yml | write | copilot-requests | none |
| events.yml | write | drives | none |
| events.yml | write | id-token | none |
| events.yml | write | models | none |
| events.yml | write | security-events | none |
| events.yml | write | vulnerability-alerts | none |
| inherit.yml | target | actions | read |
| inherit.yml | target | contents | write |
| inherit.yml | target | copilot-requests | none |
| inherit.yml | target | drives | none |
| inherit.yml | target | id-token | none |
| inherit.yml | target | models | none |
| inherit.yml | target | security-events | write |
| inherit.yml | target | vulnerability-alerts | none |
| leaf.yml | target | actions | none |
| leaf.yml | target | contents | read |
| leaf.yml | target | copilot-requests | none |
| leaf.yml | target | drives | none |
| leaf.yml | target | id-token | none |
| leaf.yml | target | models | none |
| leaf.yml | target | security-events | none |
| leaf.yml | target | vulnerability-alerts | none |
| middle.yml | call-leaf | actions | none |
| middle.yml | call-leaf | contents | read |
| middle.yml | call-leaf | copilot-requests | none |
| middle.yml | call-leaf | drives | none |
| middle.yml | call-leaf | id-token | none |
| middle.yml | call-leaf | models | none |
| middle.yml | call-leaf | security-events | none |
| middle.yml | call-leaf | vulnerability-alerts | none |
| mixed-triggers.yml | inherited | actions | none |
| mixed-triggers.yml | inherited | contents | read |
| mixed-triggers.yml | inherited | copilot-requests | none |
| mixed-triggers.yml | inherited | drives | none |
| mixed-triggers.yml | inherited | id-token | none |
| mixed-triggers.yml | inherited | models | none |
| mixed-triggers.yml | inherited | security-events | none |
| mixed-triggers.yml | inherited | vulnerability-alerts | none |
| mixed-triggers.yml | target | actions | none |
| mixed-triggers.yml | target | contents | read |
| mixed-triggers.yml | target | contents | write |
| mixed-triggers.yml | target | copilot-requests | none |
| mixed-triggers.yml | target | drives | none |
| mixed-triggers.yml | target | id-token | none |
| mixed-triggers.yml | target | models | none |
| mixed-triggers.yml | target | security-events | none |
| mixed-triggers.yml | target | vulnerability-alerts | none |
| multiple-callers.yml | target | actions | none |
| multiple-callers.yml | target | contents | read |
| multiple-callers.yml | target | contents | write |
| multiple-callers.yml | target | copilot-requests | none |
| multiple-callers.yml | target | drives | none |
| multiple-callers.yml | target | id-token | none |
| multiple-callers.yml | target | models | none |
| multiple-callers.yml | target | security-events | none |
| multiple-callers.yml | target | vulnerability-alerts | none |
| opt-in-only.yml | target | actions | none |
| opt-in-only.yml | target | contents | none |
| opt-in-only.yml | target | copilot-requests | none |
| opt-in-only.yml | target | drives | none |
| opt-in-only.yml | target | id-token | none |
| opt-in-only.yml | target | models | none |
| opt-in-only.yml | target | security-events | none |
| opt-in-only.yml | target | vulnerability-alerts | none |
| shorthand.yml | empty | actions | none |
| shorthand.yml | empty | contents | none |
| shorthand.yml | empty | copilot-requests | none |
| shorthand.yml | empty | drives | none |
| shorthand.yml | empty | id-token | none |
| shorthand.yml | empty | models | none |
| shorthand.yml | empty | security-events | none |
| shorthand.yml | empty | vulnerability-alerts | none |
| shorthand.yml | read-all | actions | read |
| shorthand.yml | read-all | contents | read |
| shorthand.yml | read-all | copilot-requests | none |
| shorthand.yml | read-all | drives | read |
| shorthand.yml | read-all | id-token | none |
| shorthand.yml | read-all | models | read |
| shorthand.yml | read-all | security-events | read |
| shorthand.yml | read-all | vulnerability-alerts | read |
| shorthand.yml | write-all | actions | write |
| shorthand.yml | write-all | contents | write |
| shorthand.yml | write-all | copilot-requests | write |
| shorthand.yml | write-all | drives | write |
| shorthand.yml | write-all | id-token | write |
| shorthand.yml | write-all | models | read |
| shorthand.yml | write-all | security-events | write |
| shorthand.yml | write-all | vulnerability-alerts | read |
| tighten.yml | target | actions | read |
| tighten.yml | target | contents | read |
| tighten.yml | target | copilot-requests | none |
| tighten.yml | target | drives | none |
| tighten.yml | target | id-token | none |
| tighten.yml | target | models | none |
| tighten.yml | target | security-events | write |
| tighten.yml | target | vulnerability-alerts | none |
| unbounded.yml | target | actions | write |
| unbounded.yml | target | contents | write |
| unbounded.yml | target | copilot-requests | none |
| unbounded.yml | target | drives | write |
| unbounded.yml | target | id-token | none |
| unbounded.yml | target | models | read |
| unbounded.yml | target | security-events | write |
| unbounded.yml | target | vulnerability-alerts | read |
| unknown-caller.yml | multi-read | actions | none |
| unknown-caller.yml | multi-read | contents | read |
| unknown-caller.yml | multi-read | copilot-requests | none |
| unknown-caller.yml | multi-read | drives | none |
| unknown-caller.yml | multi-read | id-token | none |
| unknown-caller.yml | multi-read | models | none |
| unknown-caller.yml | multi-read | security-events | none |
| unknown-caller.yml | multi-read | vulnerability-alerts | none |
| unknown-caller.yml | multi-write | actions | none |
| unknown-caller.yml | multi-write | contents | write |
| unknown-caller.yml | multi-write | copilot-requests | none |
| unknown-caller.yml | multi-write | drives | none |
| unknown-caller.yml | multi-write | id-token | none |
| unknown-caller.yml | multi-write | models | none |
| unknown-caller.yml | multi-write | security-events | none |
| unknown-caller.yml | multi-write | vulnerability-alerts | none |
| workflow-level.yml | target | actions | read |
| workflow-level.yml | target | contents | read |
| workflow-level.yml | target | copilot-requests | none |
| workflow-level.yml | target | drives | none |
| workflow-level.yml | target | id-token | none |
| workflow-level.yml | target | models | none |
| workflow-level.yml | target | security-events | write |
| workflow-level.yml | target | vulnerability-alerts | none |
| write-only-leaf.yml | target | actions | none |
| write-only-leaf.yml | target | contents | none |
| write-only-leaf.yml | target | copilot-requests | write |
| write-only-leaf.yml | target | drives | none |
| write-only-leaf.yml | target | id-token | write |
| write-only-leaf.yml | target | models | none |
| write-only-leaf.yml | target | security-events | none |
| write-only-leaf.yml | target | vulnerability-alerts | none |
| write-only-middle.yml | inherit | actions | none |
| write-only-middle.yml | inherit | contents | none |
| write-only-middle.yml | inherit | copilot-requests | write |
| write-only-middle.yml | inherit | drives | none |
| write-only-middle.yml | inherit | id-token | write |
| write-only-middle.yml | inherit | models | none |
| write-only-middle.yml | inherit | security-events | none |
| write-only-middle.yml | inherit | vulnerability-alerts | none |
| write-only-middle.yml | narrow | actions | none |
| write-only-middle.yml | narrow | contents | none |
| write-only-middle.yml | narrow | copilot-requests | none |
| write-only-middle.yml | narrow | drives | none |
| write-only-middle.yml | narrow | id-token | write |
| write-only-middle.yml | narrow | models | none |
| write-only-middle.yml | narrow | security-events | none |
| write-only-middle.yml | narrow | vulnerability-alerts | none |
| write-only-narrowed-leaf.yml | target | actions | none |
| write-only-narrowed-leaf.yml | target | contents | none |
| write-only-narrowed-leaf.yml | target | copilot-requests | none |
| write-only-narrowed-leaf.yml | target | drives | none |
| write-only-narrowed-leaf.yml | target | id-token | write |
| write-only-narrowed-leaf.yml | target | models | none |
| write-only-narrowed-leaf.yml | target | security-events | none |
| write-only-narrowed-leaf.yml | target | vulnerability-alerts | none |
privilegedJobs
| bounded-write.yml | target |
| caller.yml | inherit |
| caller.yml | tighten |
| caller.yml | workflow-level |
| caller.yml | write-only |
| events.yml | write |
| inherit.yml | target |
| mixed-triggers.yml | target |
| multiple-callers.yml | target |
| shorthand.yml | write-all |
| tighten.yml | target |
| unbounded.yml | target |
| unknown-caller.yml | multi-write |
| workflow-level.yml | target |
| write-only-leaf.yml | target |
| write-only-middle.yml | inherit |
| write-only-middle.yml | narrow |
| write-only-narrowed-leaf.yml | target |
compositeActionPrivilege
| .github/actions/permission-probe/action.yml | unprivileged |
eventPrivilege
| bounded-read.yml | target | workflow_dispatch | unprivileged |
| bounded-write.yml | target | workflow_dispatch | privileged |
| caller.yml | deep-nested | workflow_dispatch | unprivileged |
| caller.yml | elevate | workflow_dispatch | unprivileged |
| caller.yml | inherit | workflow_dispatch | privileged |
| caller.yml | mixed-trigger | workflow_dispatch | unprivileged |
| caller.yml | nested | workflow_dispatch | unprivileged |
| caller.yml | tighten | workflow_dispatch | privileged |
| caller.yml | workflow-level | workflow_dispatch | privileged |
| caller.yml | write-only | workflow_dispatch | privileged |
| deep-leaf.yml | target | workflow_dispatch | unprivileged |
| deep-middle-1.yml | call-middle-2 | workflow_dispatch | unprivileged |
| deep-middle-2.yml | call-leaf | workflow_dispatch | unprivileged |
| elevate.yml | target | workflow_dispatch | unprivileged |
| events.yml | write | issue_comment | privileged |
| events.yml | write | pull_request | unprivileged |
| events.yml | write | schedule | privileged |
| inherit.yml | target | workflow_dispatch | privileged |
| leaf.yml | target | workflow_dispatch | unprivileged |
| middle.yml | call-leaf | workflow_dispatch | unprivileged |
| mixed-triggers.yml | inherited | issue_comment | privileged |
| mixed-triggers.yml | inherited | workflow_dispatch | unprivileged |
| mixed-triggers.yml | target | issue_comment | privileged |
| mixed-triggers.yml | target | workflow_dispatch | unprivileged |
| multiple-callers.yml | target | workflow_dispatch | privileged |
| opt-in-only.yml | target | workflow_dispatch | unprivileged |
| shorthand.yml | empty | workflow_dispatch | unprivileged |
| shorthand.yml | read-all | workflow_dispatch | unprivileged |
| shorthand.yml | write-all | workflow_dispatch | privileged |
| tighten.yml | target | workflow_dispatch | privileged |
| unbounded.yml | target | workflow_dispatch | privileged |
| unknown-caller.yml | bounded-read | workflow_dispatch | privileged |
| unknown-caller.yml | bounded-write | workflow_dispatch | privileged |
| unknown-caller.yml | multi-read | workflow_dispatch | unprivileged |
| unknown-caller.yml | multi-write | workflow_dispatch | privileged |
| unknown-caller.yml | opt-in-only | workflow_dispatch | privileged |
| unknown-caller.yml | unbounded | workflow_dispatch | privileged |
| workflow-level.yml | target | workflow_dispatch | privileged |
| write-only-leaf.yml | target | workflow_dispatch | privileged |
| write-only-middle.yml | inherit | workflow_dispatch | privileged |
| write-only-middle.yml | narrow | workflow_dispatch | privileged |
| write-only-narrowed-leaf.yml | target | workflow_dispatch | privileged |
